---
source: crates/chain-config/src/config/codec/encoder.rs
expression: encoded_json
---
{
  "coins": [],
  "messages": [
    {
      "sender": "0x0101010101010101010101010101010101010101010101010101010101010101",
      "recipient": "0x0202020202020202020202020202020202020202020202020202020202020202",
      "nonce": "0x0303030303030303030303030303030303030303030303030303030303030303",
      "amount": 4,
      "data": "0x0505050505050505050505050505050505050505050505050505050505050505",
      "da_height": 6
    }
  ],
  "contracts": [],
  "contract_state": [],
  "contract_balance": []
}
