---
source: crates/chain-config/src/config/state.rs
expression: json
---
{
  "coins": [],
  "messages": [],
  "contracts": [
    {
      "contract_id": "0x0000000000000000000000000000000000000000000000000000000000000000",
      "code": "0x24400000",
      "salt": "0x0000000000000000000000000000000000000000000000000000000000000000",
      "tx_pointer_block_height": "0xd3301861",
      "tx_pointer_tx_idx": "0x1a64"
    }
  ],
  "contract_state": [],
  "contract_balance": []
}
